T1-B-1: ya evaluada
T1-B-2: 13b✓ ·→ NO correcta (148 s)
T1-B-3: 13b✓ ·→ NO correcta (101 s)
T1-B-4: 13b✓ ·→ NO correcta (112 s)
T1-B-5: 13b✓ ·→ NO correcta (122 s)
T1-B-6: 14b✓ ·→ correcta (135 s)
T1-B-7: 13b✓ ·→ NO correcta (117 s)
T1-B-8: 13b✓ 1b✓ ·→ correcta (124 s)
T1-B-9: 13b✓ 1b✓ ·→ correcta (145 s)
T1-B-10: 13b✓ ·→ NO correcta (118 s)
| Réplica | Correcta | Arranca | Expectativas fallidas | Regresiones | Turnos | Máx. tokens prompt | s |
|---|---|---|---|---|---|---|---|
| T1-B-1 | no | sí | 1 | 0 | 2 | 8567 | 112.1 |
| T1-B-10 | no | sí | 1 | 0 | 2 | 8563 | 117.9 |
| T1-B-2 | no | sí | 1 | 0 | 2 | 8567 | 147.7 |
| T1-B-3 | no | sí | 1 | 0 | 2 | 8567 | 101.2 |
| T1-B-4 | no | sí | 1 | 0 | 2 | 8567 | 111.9 |
| T1-B-5 | no | sí | 1 | 0 | 2 | 8567 | 122.2 |
| T1-B-6 | sí | sí | 0 | 0 | 2 | 8605 | 135.3 |
| T1-B-7 | no | sí | 1 | 0 | 2 | 8567 | 117.4 |
| T1-B-8 | sí | sí | 0 | 0 | 3 | 8696 | 123.7 |
| T1-B-9 | sí | sí | 0 | 0 | 3 | 8696 | 145.1 |

**B:** 3/10 correctas.
